store.StoreWebsiteCollection{
  Data: []*store.StoreWebsite{
    &store.StoreWebsite{
      Code: null.MakeString(`admin`),
      Name: null.MakeString(`Admin`),
    },
    &store.StoreWebsite{
      WebsiteID: 1,
      Code: null.MakeString(`euro`),
      Name: null.MakeString(`Europe`),
      DefaultGroupID: 1,
      IsDefault: true,
    },
    &store.StoreWebsite{
      WebsiteID: 2,
      Code: null.MakeString(`oz`),
      Name: null.MakeString(`OZ`),
      SortOrder: 20,
      DefaultGroupID: 3,
    },
  },
} store.StoreGroupCollection{
  Data: []*store.StoreGroup{
    &store.StoreGroup{
      Name: "Default",
      Code: null.String{},
    },
    &store.StoreGroup{
      GroupID: 1,
      WebsiteID: 1,
      Name: "DACH Group",
      RootCategoryID: 2,
      DefaultStoreID: 2,
      Code: null.String{},
    },
    &store.StoreGroup{
      GroupID: 2,
      WebsiteID: 1,
      Name: "UK Group",
      RootCategoryID: 2,
      DefaultStoreID: 4,
      Code: null.String{},
    },
    &store.StoreGroup{
      GroupID: 3,
      WebsiteID: 2,
      Name: "Australia",
      RootCategoryID: 2,
      DefaultStoreID: 5,
      Code: null.String{},
    },
  },
} store.StoreCollection{
  Data: []*store.Store{
    &store.Store{
      Code: null.MakeString(`admin`),
      Name: "Admin",
      IsActive: true,
    },
    &store.Store{
      StoreID: 1,
      Code: null.MakeString(`de`),
      WebsiteID: 1,
      GroupID: 1,
      Name: "Germany",
      SortOrder: 10,
      IsActive: true,
    },
    &store.Store{
      StoreID: 2,
      Code: null.MakeString(`at`),
      WebsiteID: 1,
      GroupID: 1,
      Name: "Ã–sterreich",
      SortOrder: 20,
      IsActive: true,
    },
    &store.Store{
      StoreID: 3,
      Code: null.MakeString(`ch`),
      WebsiteID: 1,
      GroupID: 1,
      Name: "Schweiz",
      SortOrder: 30,
    },
    &store.Store{
      StoreID: 4,
      Code: null.MakeString(`uk`),
      WebsiteID: 1,
      GroupID: 2,
      Name: "UK",
      SortOrder: 10,
      IsActive: true,
    },
    &store.Store{
      StoreID: 5,
      Code: null.MakeString(`au`),
      WebsiteID: 2,
      GroupID: 3,
      Name: "Australia",
      SortOrder: 10,
      IsActive: true,
    },
    &store.Store{
      StoreID: 6,
      Code: null.MakeString(`nz`),
      WebsiteID: 2,
      GroupID: 3,
      Name: "Kiwi",
      SortOrder: 30,
      IsActive: true,
    },
  },
}
