[
{
  "data": [
    {
      "code": "admin",
      "name": "Admin",
      "storeGroups": {
        "data": [
          {
            "name": "Admin",
            "code": "admin"
          }
        ]
      },
      "stores": {
        "data": [
          {
            "code": "admin",
            "name": "Admin",
            "isActive": true
          }
        ]
      }
    },
    {
      "websiteID": 2,
      "code": "de",
      "name": "Deutschland",
      "sortOrder": 1,
      "defaultGroupID": 2,
      "isDefault": true,
      "storeGroups": {
        "data": [
          {
            "groupID": 2,
            "websiteID": 2,
            "name": "b2c",
            "rootCategoryID": 2,
            "defaultStoreID": 2,
            "code": "b2c"
          }
        ]
      },
      "stores": {
        "data": [
          {
            "storeID": 2,
            "code": "dede",
            "websiteID": 2,
            "groupID": 2,
            "name": "de",
            "sortOrder": 1,
            "isActive": true
          },
          {
            "storeID": 3,
            "code": "detr",
            "websiteID": 2,
            "groupID": 2,
            "name": "tr",
            "sortOrder": 4,
            "isActive": true
          },
          {
            "storeID": 5,
            "code": "deen",
            "websiteID": 2,
            "groupID": 2,
            "name": "en",
            "sortOrder": 4,
            "isActive": true
          }
        ]
      }
    },
    {
      "websiteID": 3,
      "code": "ch",
      "name": "Schweiz",
      "sortOrder": 2,
      "defaultGroupID": 3,
      "storeGroups": {
        "data": [
          {
            "groupID": 3,
            "websiteID": 3,
            "name": "b2c",
            "rootCategoryID": 2,
            "defaultStoreID": 6,
            "code": "b2c"
          }
        ]
      },
      "stores": {
        "data": [
          {
            "storeID": 6,
            "code": "chde",
            "websiteID": 3,
            "groupID": 3,
            "name": "de",
            "sortOrder": 1,
            "isActive": true
          },
          {
            "storeID": 7,
            "code": "chfr",
            "websiteID": 3,
            "groupID": 3,
            "name": "fr",
            "sortOrder": 2,
            "isActive": true
          },
          {
            "storeID": 8,
            "code": "chit",
            "websiteID": 3,
            "groupID": 3,
            "name": "it",
            "sortOrder": 3,
            "isActive": true
          },
          {
            "storeID": 9,
            "code": "chen",
            "websiteID": 3,
            "groupID": 3,
            "name": "en",
            "sortOrder": 4,
            "isActive": true
          }
        ]
      }
    },
    {
      "websiteID": 4,
      "code": "it",
      "name": "Italien",
      "sortOrder": 3,
      "defaultGroupID": 4,
      "storeGroups": {
        "data": [
          {
            "groupID": 4,
            "websiteID": 4,
            "name": "b2c",
            "rootCategoryID": 2,
            "defaultStoreID": 10,
            "code": "b2c"
          }
        ]
      },
      "stores": {
        "data": [
          {
            "storeID": 10,
            "code": "itit",
            "websiteID": 4,
            "groupID": 4,
            "name": "it",
            "sortOrder": 1,
            "isActive": true
          },
          {
            "storeID": 11,
            "code": "itde",
            "websiteID": 4,
            "groupID": 4,
            "name": "de",
            "sortOrder": 2,
            "isActive": true
          }
        ]
      }
    },
    {
      "websiteID": 5,
      "code": "fr",
      "name": "Frankreich",
      "sortOrder": 4,
      "defaultGroupID": 5,
      "storeGroups": {
        "data": [
          {
            "groupID": 5,
            "websiteID": 5,
            "name": "b2c",
            "rootCategoryID": 2,
            "defaultStoreID": 12,
            "code": "b2c"
          }
        ]
      },
      "stores": {
        "data": [
          {
            "storeID": 12,
            "code": "frfr",
            "websiteID": 5,
            "groupID": 5,
            "name": "fr",
            "sortOrder": 1,
            "isActive": true
          }
        ]
      }
    },
    {
      "websiteID": 6,
      "code": "be",
      "name": "Belgien",
      "sortOrder": 5,
      "defaultGroupID": 6,
      "storeGroups": {
        "data": [
          {
            "groupID": 6,
            "websiteID": 6,
            "name": "b2c",
            "rootCategoryID": 2,
            "defaultStoreID": 13,
            "code": "b2c"
          }
        ]
      },
      "stores": {
        "data": [
          {
            "storeID": 13,
            "code": "befr",
            "websiteID": 6,
            "groupID": 6,
            "name": "fr",
            "sortOrder": 1,
            "isActive": true
          },
          {
            "storeID": 14,
            "code": "been",
            "websiteID": 6,
            "groupID": 6,
            "name": "en",
            "sortOrder": 2,
            "isActive": true
          }
        ]
      }
    },
    {
      "websiteID": 7,
      "code": "lu",
      "name": "Luxemburg",
      "sortOrder": 6,
      "defaultGroupID": 7,
      "storeGroups": {
        "data": [
          {
            "groupID": 7,
            "websiteID": 7,
            "name": "b2c",
            "rootCategoryID": 2,
            "defaultStoreID": 15,
            "code": "b2c"
          }
        ]
      },
      "stores": {
        "data": [
          {
            "storeID": 15,
            "code": "lufr",
            "websiteID": 7,
            "groupID": 7,
            "name": "fr",
            "sortOrder": 1,
            "isActive": true
          },
          {
            "storeID": 16,
            "code": "lude",
            "websiteID": 7,
            "groupID": 7,
            "name": "de",
            "sortOrder": 2,
            "isActive": true
          }
        ]
      }
    },
    {
      "websiteID": 8,
      "code": "at",
      "name": "Ã–sterreich",
      "sortOrder": 7,
      "defaultGroupID": 8,
      "storeGroups": {
        "data": [
          {
            "groupID": 8,
            "websiteID": 8,
            "name": "b2c",
            "rootCategoryID": 2,
            "defaultStoreID": 17,
            "code": "b2c"
          }
        ]
      },
      "stores": {
        "data": [
          {
            "storeID": 17,
            "code": "atde",
            "websiteID": 8,
            "groupID": 8,
            "name": "de",
            "sortOrder": 1,
            "isActive": true
          }
        ]
      }
    },
    {
      "websiteID": 9,
      "code": "int",
      "name": "International",
      "sortOrder": 8,
      "defaultGroupID": 9,
      "storeGroups": {
        "data": [
          {
            "groupID": 9,
            "websiteID": 9,
            "name": "b2c",
            "rootCategoryID": 2,
            "defaultStoreID": 18,
            "code": "b2c"
          }
        ]
      },
      "stores": {
        "data": [
          {
            "storeID": 18,
            "code": "inten",
            "websiteID": 9,
            "groupID": 9,
            "name": "en",
            "sortOrder": 1,
            "isActive": true
          }
        ]
      }
    },
    {
      "websiteID": 10,
      "code": "nl",
      "name": "Netherlands",
      "sortOrder": 9,
      "defaultGroupID": 10,
      "storeGroups": {
        "data": [
          {
            "groupID": 10,
            "websiteID": 10,
            "name": "b2c",
            "rootCategoryID": 2,
            "defaultStoreID": 19,
            "code": "b2c"
          }
        ]
      },
      "stores": {
        "data": [
          {
            "storeID": 19,
            "code": "nlen",
            "websiteID": 10,
            "groupID": 10,
            "name": "en",
            "sortOrder": 1,
            "isActive": true
          }
        ]
      }
    },
    {
      "websiteID": 11,
      "code": "uk",
      "name": "United Kingdom",
      "sortOrder": 10,
      "defaultGroupID": 11,
      "storeGroups": {
        "data": [
          {
            "groupID": 11,
            "websiteID": 11,
            "name": "b2c",
            "rootCategoryID": 2,
            "defaultStoreID": 20,
            "code": "b2c"
          }
        ]
      },
      "stores": {
        "data": [
          {
            "storeID": 20,
            "code": "uken",
            "websiteID": 11,
            "groupID": 11,
            "name": "en",
            "sortOrder": 1,
            "isActive": true
          }
        ]
      }
    }
  ]
}
,
{
  "data": [
    {
      "name": "Admin",
      "code": "admin",
      "storeWebsite": {
        "code": "admin",
        "name": "Admin"
      }
    },
    {
      "groupID": 2,
      "websiteID": 2,
      "name": "b2c",
      "rootCategoryID": 2,
      "defaultStoreID": 2,
      "code": "b2c",
      "storeWebsite": {
        "websiteID": 2,
        "code": "de",
        "name": "Deutschland",
        "sortOrder": 1,
        "defaultGroupID": 2,
        "isDefault": true
      }
    },
    {
      "groupID": 3,
      "websiteID": 3,
      "name": "b2c",
      "rootCategoryID": 2,
      "defaultStoreID": 6,
      "code": "b2c",
      "storeWebsite": {
        "websiteID": 3,
        "code": "ch",
        "name": "Schweiz",
        "sortOrder": 2,
        "defaultGroupID": 3
      }
    },
    {
      "groupID": 4,
      "websiteID": 4,
      "name": "b2c",
      "rootCategoryID": 2,
      "defaultStoreID": 10,
      "code": "b2c",
      "storeWebsite": {
        "websiteID": 4,
        "code": "it",
        "name": "Italien",
        "sortOrder": 3,
        "defaultGroupID": 4
      }
    },
    {
      "groupID": 5,
      "websiteID": 5,
      "name": "b2c",
      "rootCategoryID": 2,
      "defaultStoreID": 12,
      "code": "b2c",
      "storeWebsite": {
        "websiteID": 5,
        "code": "fr",
        "name": "Frankreich",
        "sortOrder": 4,
        "defaultGroupID": 5
      }
    },
    {
      "groupID": 6,
      "websiteID": 6,
      "name": "b2c",
      "rootCategoryID": 2,
      "defaultStoreID": 13,
      "code": "b2c",
      "storeWebsite": {
        "websiteID": 6,
        "code": "be",
        "name": "Belgien",
        "sortOrder": 5,
        "defaultGroupID": 6
      }
    },
    {
      "groupID": 7,
      "websiteID": 7,
      "name": "b2c",
      "rootCategoryID": 2,
      "defaultStoreID": 15,
      "code": "b2c",
      "storeWebsite": {
        "websiteID": 7,
        "code": "lu",
        "name": "Luxemburg",
        "sortOrder": 6,
        "defaultGroupID": 7
      }
    },
    {
      "groupID": 8,
      "websiteID": 8,
      "name": "b2c",
      "rootCategoryID": 2,
      "defaultStoreID": 17,
      "code": "b2c",
      "storeWebsite": {
        "websiteID": 8,
        "code": "at",
        "name": "Ã–sterreich",
        "sortOrder": 7,
        "defaultGroupID": 8
      }
    },
    {
      "groupID": 9,
      "websiteID": 9,
      "name": "b2c",
      "rootCategoryID": 2,
      "defaultStoreID": 18,
      "code": "b2c",
      "storeWebsite": {
        "websiteID": 9,
        "code": "int",
        "name": "International",
        "sortOrder": 8,
        "defaultGroupID": 9
      }
    },
    {
      "groupID": 10,
      "websiteID": 10,
      "name": "b2c",
      "rootCategoryID": 2,
      "defaultStoreID": 19,
      "code": "b2c",
      "storeWebsite": {
        "websiteID": 10,
        "code": "nl",
        "name": "Netherlands",
        "sortOrder": 9,
        "defaultGroupID": 10
      }
    },
    {
      "groupID": 11,
      "websiteID": 11,
      "name": "b2c",
      "rootCategoryID": 2,
      "defaultStoreID": 20,
      "code": "b2c",
      "storeWebsite": {
        "websiteID": 11,
        "code": "uk",
        "name": "United Kingdom",
        "sortOrder": 10,
        "defaultGroupID": 11
      }
    }
  ]
}
,
{
  "data": [
    {
      "code": "admin",
      "name": "Admin",
      "isActive": true,
      "storeGroup": {
        "name": "Admin",
        "code": "admin"
      },
      "storeWebsite": {
        "code": "admin",
        "name": "Admin"
      }
    },
    {
      "storeID": 2,
      "code": "dede",
      "websiteID": 2,
      "groupID": 2,
      "name": "de",
      "sortOrder": 1,
      "isActive": true,
      "storeGroup": {
        "groupID": 2,
        "websiteID": 2,
        "name": "b2c",
        "rootCategoryID": 2,
        "defaultStoreID": 2,
        "code": "b2c"
      },
      "storeWebsite": {
        "websiteID": 2,
        "code": "de",
        "name": "Deutschland",
        "sortOrder": 1,
        "defaultGroupID": 2,
        "isDefault": true
      }
    },
    {
      "storeID": 3,
      "code": "detr",
      "websiteID": 2,
      "groupID": 2,
      "name": "tr",
      "sortOrder": 4,
      "isActive": true,
      "storeGroup": {
        "groupID": 2,
        "websiteID": 2,
        "name": "b2c",
        "rootCategoryID": 2,
        "defaultStoreID": 2,
        "code": "b2c"
      },
      "storeWebsite": {
        "websiteID": 2,
        "code": "de",
        "name": "Deutschland",
        "sortOrder": 1,
        "defaultGroupID": 2,
        "isDefault": true
      }
    },
    {
      "storeID": 5,
      "code": "deen",
      "websiteID": 2,
      "groupID": 2,
      "name": "en",
      "sortOrder": 4,
      "isActive": true,
      "storeGroup": {
        "groupID": 2,
        "websiteID": 2,
        "name": "b2c",
        "rootCategoryID": 2,
        "defaultStoreID": 2,
        "code": "b2c"
      },
      "storeWebsite": {
        "websiteID": 2,
        "code": "de",
        "name": "Deutschland",
        "sortOrder": 1,
        "defaultGroupID": 2,
        "isDefault": true
      }
    },
    {
      "storeID": 6,
      "code": "chde",
      "websiteID": 3,
      "groupID": 3,
      "name": "de",
      "sortOrder": 1,
      "isActive": true,
      "storeGroup": {
        "groupID": 3,
        "websiteID": 3,
        "name": "b2c",
        "rootCategoryID": 2,
        "defaultStoreID": 6,
        "code": "b2c"
      },
      "storeWebsite": {
        "websiteID": 3,
        "code": "ch",
        "name": "Schweiz",
        "sortOrder": 2,
        "defaultGroupID": 3
      }
    },
    {
      "storeID": 7,
      "code": "chfr",
      "websiteID": 3,
      "groupID": 3,
      "name": "fr",
      "sortOrder": 2,
      "isActive": true,
      "storeGroup": {
        "groupID": 3,
        "websiteID": 3,
        "name": "b2c",
        "rootCategoryID": 2,
        "defaultStoreID": 6,
        "code": "b2c"
      },
      "storeWebsite": {
        "websiteID": 3,
        "code": "ch",
        "name": "Schweiz",
        "sortOrder": 2,
        "defaultGroupID": 3
      }
    },
    {
      "storeID": 8,
      "code": "chit",
      "websiteID": 3,
      "groupID": 3,
      "name": "it",
      "sortOrder": 3,
      "isActive": true,
      "storeGroup": {
        "groupID": 3,
        "websiteID": 3,
        "name": "b2c",
        "rootCategoryID": 2,
        "defaultStoreID": 6,
        "code": "b2c"
      },
      "storeWebsite": {
        "websiteID": 3,
        "code": "ch",
        "name": "Schweiz",
        "sortOrder": 2,
        "defaultGroupID": 3
      }
    },
    {
      "storeID": 9,
      "code": "chen",
      "websiteID": 3,
      "groupID": 3,
      "name": "en",
      "sortOrder": 4,
      "isActive": true,
      "storeGroup": {
        "groupID": 3,
        "websiteID": 3,
        "name": "b2c",
        "rootCategoryID": 2,
        "defaultStoreID": 6,
        "code": "b2c"
      },
      "storeWebsite": {
        "websiteID": 3,
        "code": "ch",
        "name": "Schweiz",
        "sortOrder": 2,
        "defaultGroupID": 3
      }
    },
    {
      "storeID": 10,
      "code": "itit",
      "websiteID": 4,
      "groupID": 4,
      "name": "it",
      "sortOrder": 1,
      "isActive": true,
      "storeGroup": {
        "groupID": 4,
        "websiteID": 4,
        "name": "b2c",
        "rootCategoryID": 2,
        "defaultStoreID": 10,
        "code": "b2c"
      },
      "storeWebsite": {
        "websiteID": 4,
        "code": "it",
        "name": "Italien",
        "sortOrder": 3,
        "defaultGroupID": 4
      }
    },
    {
      "storeID": 11,
      "code": "itde",
      "websiteID": 4,
      "groupID": 4,
      "name": "de",
      "sortOrder": 2,
      "isActive": true,
      "storeGroup": {
        "groupID": 4,
        "websiteID": 4,
        "name": "b2c",
        "rootCategoryID": 2,
        "defaultStoreID": 10,
        "code": "b2c"
      },
      "storeWebsite": {
        "websiteID": 4,
        "code": "it",
        "name": "Italien",
        "sortOrder": 3,
        "defaultGroupID": 4
      }
    },
    {
      "storeID": 12,
      "code": "frfr",
      "websiteID": 5,
      "groupID": 5,
      "name": "fr",
      "sortOrder": 1,
      "isActive": true,
      "storeGroup": {
        "groupID": 5,
        "websiteID": 5,
        "name": "b2c",
        "rootCategoryID": 2,
        "defaultStoreID": 12,
        "code": "b2c"
      },
      "storeWebsite": {
        "websiteID": 5,
        "code": "fr",
        "name": "Frankreich",
        "sortOrder": 4,
        "defaultGroupID": 5
      }
    },
    {
      "storeID": 13,
      "code": "befr",
      "websiteID": 6,
      "groupID": 6,
      "name": "fr",
      "sortOrder": 1,
      "isActive": true,
      "storeGroup": {
        "groupID": 6,
        "websiteID": 6,
        "name": "b2c",
        "rootCategoryID": 2,
        "defaultStoreID": 13,
        "code": "b2c"
      },
      "storeWebsite": {
        "websiteID": 6,
        "code": "be",
        "name": "Belgien",
        "sortOrder": 5,
        "defaultGroupID": 6
      }
    },
    {
      "storeID": 14,
      "code": "been",
      "websiteID": 6,
      "groupID": 6,
      "name": "en",
      "sortOrder": 2,
      "isActive": true,
      "storeGroup": {
        "groupID": 6,
        "websiteID": 6,
        "name": "b2c",
        "rootCategoryID": 2,
        "defaultStoreID": 13,
        "code": "b2c"
      },
      "storeWebsite": {
        "websiteID": 6,
        "code": "be",
        "name": "Belgien",
        "sortOrder": 5,
        "defaultGroupID": 6
      }
    },
    {
      "storeID": 15,
      "code": "lufr",
      "websiteID": 7,
      "groupID": 7,
      "name": "fr",
      "sortOrder": 1,
      "isActive": true,
      "storeGroup": {
        "groupID": 7,
        "websiteID": 7,
        "name": "b2c",
        "rootCategoryID": 2,
        "defaultStoreID": 15,
        "code": "b2c"
      },
      "storeWebsite": {
        "websiteID": 7,
        "code": "lu",
        "name": "Luxemburg",
        "sortOrder": 6,
        "defaultGroupID": 7
      }
    },
    {
      "storeID": 16,
      "code": "lude",
      "websiteID": 7,
      "groupID": 7,
      "name": "de",
      "sortOrder": 2,
      "isActive": true,
      "storeGroup": {
        "groupID": 7,
        "websiteID": 7,
        "name": "b2c",
        "rootCategoryID": 2,
        "defaultStoreID": 15,
        "code": "b2c"
      },
      "storeWebsite": {
        "websiteID": 7,
        "code": "lu",
        "name": "Luxemburg",
        "sortOrder": 6,
        "defaultGroupID": 7
      }
    },
    {
      "storeID": 17,
      "code": "atde",
      "websiteID": 8,
      "groupID": 8,
      "name": "de",
      "sortOrder": 1,
      "isActive": true,
      "storeGroup": {
        "groupID": 8,
        "websiteID": 8,
        "name": "b2c",
        "rootCategoryID": 2,
        "defaultStoreID": 17,
        "code": "b2c"
      },
      "storeWebsite": {
        "websiteID": 8,
        "code": "at",
        "name": "Ã–sterreich",
        "sortOrder": 7,
        "defaultGroupID": 8
      }
    },
    {
      "storeID": 18,
      "code": "inten",
      "websiteID": 9,
      "groupID": 9,
      "name": "en",
      "sortOrder": 1,
      "isActive": true,
      "storeGroup": {
        "groupID": 9,
        "websiteID": 9,
        "name": "b2c",
        "rootCategoryID": 2,
        "defaultStoreID": 18,
        "code": "b2c"
      },
      "storeWebsite": {
        "websiteID": 9,
        "code": "int",
        "name": "International",
        "sortOrder": 8,
        "defaultGroupID": 9
      }
    },
    {
      "storeID": 19,
      "code": "nlen",
      "websiteID": 10,
      "groupID": 10,
      "name": "en",
      "sortOrder": 1,
      "isActive": true,
      "storeGroup": {
        "groupID": 10,
        "websiteID": 10,
        "name": "b2c",
        "rootCategoryID": 2,
        "defaultStoreID": 19,
        "code": "b2c"
      },
      "storeWebsite": {
        "websiteID": 10,
        "code": "nl",
        "name": "Netherlands",
        "sortOrder": 9,
        "defaultGroupID": 10
      }
    },
    {
      "storeID": 20,
      "code": "uken",
      "websiteID": 11,
      "groupID": 11,
      "name": "en",
      "sortOrder": 1,
      "isActive": true,
      "storeGroup": {
        "groupID": 11,
        "websiteID": 11,
        "name": "b2c",
        "rootCategoryID": 2,
        "defaultStoreID": 20,
        "code": "b2c"
      },
      "storeWebsite": {
        "websiteID": 11,
        "code": "uk",
        "name": "United Kingdom",
        "sortOrder": 10,
        "defaultGroupID": 11
      }
    }
  ]
}
]
